[www.leiwalakom.com/index.html]
[backblue.gif]
[fade.gif]
[index.html]
[cdn.prod.website-files.com/61c85ce6b8161ffd30681aa9/css/leiwalakom.webflow.shared.022a14455.min.css]
[ajax.googleapis.com/ajax/libs/webfont/1.6.26/webfont.js]
[cdn.prod.website-files.com/61c85ce6b8161ffd30681aa9/61dbdeb4dccd18f809b5b3e4_Icon-05 copy.jpg]
[cdn.prod.website-files.com/61c85ce6b8161ffd30681aa9/61dbde696fa398162e19f3df_Icon-05 copy.jpg]
[connect.facebook.net/en_US/fbevents.js]
[cdn.jsdelivr.net/npm/@finsweet/attributes-scrolldisable@1/scrolldisable.js]
[cdn.plyr.io/3.7.2/plyr.css]
[www.leiwalakom.com/about.html]
[www.leiwalakom.com/series.html]
[www.leiwalakom.com/seasons/season-one.html]
[www.leiwalakom.com/seasons/season-two.html]
[www.leiwalakom.com/seasons/season-three.html]
[www.leiwalakom.com/seasons/season-4.html]
[www.leiwalakom.com/news.html]
[www.leiwalakom.com/events.html]
[www.leiwalakom.com/publishers-blogs.html]
[www.leiwalakom.com/contact.html]
[www.leiwalakom.com/sidra.html]
[cdn.prod.website-files.com/61c85ce6b8161ffd30681aa9/66432a2c66e35e78f9726c5b_6208c8a50150ac6a9d7a4bca_Black_Logo_Transparent-01-p-500-removebg-preview.png]
[cdn.prod.website-files.com/61c85ce6b8161ffd30681aa9/66438ba165d4204a9df8bde4_PLAYBOOK logo.jpg]
[www.leiwalakom.com/post/how-lei-wa-lakom-came-to-life-founder-taiba-alhumaidhi-shares-her-journey-in-khaleejesque-interview.html]
[cdn.prod.website-files.com/61c97fdcbabf7b4bf2d74f03/68555be08d4faa9ffd499bfa_C10I6748-1024x683.jpg]
[www.leiwalakom.com/post/cinet-and-lei-wa-lakom-partner-to-promote-financial-literacy-in-the-community.html]
[cdn.prod.website-files.com/61c97fdcbabf7b4bf2d74f03/684990f3f72b7f542d49c965_image (19).png]
[www.leiwalakom.com/post/buy-now-pay-later-financial-lifeline-or-debt-trap-for-kuwaits-youth.html]
[cdn.prod.website-files.com/61c97fdcbabf7b4bf2d74f03/682053d1559e3b35351ecd04_WhatsApp Image 2025-05-11 at 8.31.12 AM.jpg]
[www.leiwalakom.com/submission-blogs/do.html]
[cdn.prod.website-files.com/61c97fdcbabf7b4bf2d74f03/6698a78f53149dd18ed266c5_image8.jpg]
[cdn.prod.website-files.com/61c97fdcbabf7b4bf2d74f03/6698b05d4f43384d354cdca5_Avatar Image-4.png]
[www.leiwalakom.com/submission-blogs/the-mechanisms-of-a-woman.html]
[cdn.prod.website-files.com/61c97fdcbabf7b4bf2d74f03/66b49409cd0c12e50cdb685f_Blog.jpg]
[cdn.prod.website-files.com/663c623f52f3e2ab460be4a5/6698a2d653149dd18ecf0550_image14.jpg]
[cdn.prod.website-files.com/61c97fdcbabf7b4bf2d74f03/6698b06dd59f1728b4c6bb78_Avatar Image-1.png]
[www.leiwalakom.com/from-you-to-all.html]
[cdn.prod.website-files.com/61c85ce6b8161ffd30681aa9/66979c893c8f35e453e561f2_globe.png]
[www.leiwalakom.com/old-home]
[d3e54v103j8qbb.cloudfront.net/js/jquery-3.5.1.min.dc5e7f18c86be6.js]
[cdn.prod.website-files.com/61c85ce6b8161ffd30681aa9/js/webflow.schunk.90690657670f5b00.js]
[cdn.prod.website-files.com/61c85ce6b8161ffd30681aa9/js/webflow.schunk.534efcc15c2cd2d7.js]
[cdn.prod.website-files.com/61c85ce6b8161ffd30681aa9/js/webflow.schunk.f28319d2fee81553.js]
[cdn.prod.website-files.com/61c85ce6b8161ffd30681aa9/js/webflow.8014f507.c8b75955063834b1.js]
[www.leiwalakom.com/index.html]
[cdn.prod.website-files.com/61c85ce6b8161ffd30681aa9/css/leiwalakom.webflow.shared.022a14455.min.css]
[cdn.plyr.io/3.7.2/plyr.js]
[connect.facebook.net/en_US/fbevents.js]
[cdn.plyr.io/3.7.2/plyr.css]
[cdn.prod.website-files.com/61c85ce6b8161ffd30681aa9/66e149717ee515828c58a075_LWL Website Preview - About Page-approved.pdf-image-001 (1).jpg]
[cdn.prod.website-files.com/61c85ce6b8161ffd30681aa9/66e1478a7f8ef0de01840476_LWL Website Preview - About Page-approved.pdf-image-000.png]
[cdn.prod.website-files.com/61c85ce6b8161ffd30681aa9/67ac35546e131a96cd90fc0b_AD9I0704 (1)-Photoroom.png]
[cdn.prod.website-files.com/61c85ce6b8161ffd30681aa9/67ac3462bb4b9e5fa1b82d06_image (12)-Photoroom.png]
[cdn.prod.website-files.com/61c85ce6b8161ffd30681aa9/67b30b7067bf94c1dda1dd46_Carol Profile pic_page-0001-Photoroom.png]
[cdn.prod.website-files.com/61c85ce6b8161ffd30681aa9/67b30b77b6258ae54ea18a09_ir-img-henadi-Photoroom.png]
[cdn.prod.website-files.com/61c85ce6b8161ffd30681aa9/67a0ccf4348ae37799570589_2.png]
[cdn.prod.website-files.com/61c85ce6b8161ffd30681aa9/67ac3553bb4b9e5fa1b93eff_image (12)-Photoroom.png]
[cdn.prod.website-files.com/61c85ce6b8161ffd30681aa9/67ca82edc493e82886006f0f_IMG_7291-Photoroom.png]
[cdn.prod.website-files.com/61c85ce6b8161ffd30681aa9/67c934a04ebcbc13e6bd004e_IMG_7292-Photoroom.png]
[cdn.prod.website-files.com/61c85ce6b8161ffd30681aa9/66e141099015a3b85e09fc79_image (1).jpg]
[www.leiwalakom.com/about.html]
[cdn.prod.website-files.com/61c85ce6b8161ffd30681aa9/js/webflow.515a4f9b.dbff61d0fcbaa917.js]
[cdn.jsdelivr.net/npm/@finsweet/attributes-cmsslider@1/cmsslider.js]
[www.leiwalakom.com/series-videos/we-continue-to-grow.html]
[cdn.prod.website-files.com/61c97fdcbabf7b4bf2d74f03/65149b9627bc71e9baad6c0e_593GIo-08F0-HD.jpg]
[www.leiwalakom.com/series-videos/what-is-confidence.html]
[cdn.prod.website-files.com/61c97fdcbabf7b4bf2d74f03/65149c42fca5422aee9f2ef8_ja64b552vZQ-SD.jpg]
[www.leiwalakom.com/series-videos/how-do-you-foster-confidence.html]
[cdn.prod.website-files.com/61c97fdcbabf7b4bf2d74f03/65149c5a2bde0b9fd0db0d84_toOMmEq15b4-HD.jpg]
[www.leiwalakom.com/series-videos/confidence-recap.html]
[cdn.prod.website-files.com/61c97fdcbabf7b4bf2d74f03/65149b71fa5ae90e0f5ca27d_bARW515kSkg-HD.jpg]
[www.leiwalakom.com/series-videos/what-is-burnout.html]
[cdn.prod.website-files.com/61c97fdcbabf7b4bf2d74f03/65149e3c27bc71e9bab02299_RbSdY1kVJs4-HD.jpg]
[www.leiwalakom.com/series-videos/burnout-recap.html]
[cdn.prod.website-files.com/61c97fdcbabf7b4bf2d74f03/65149f030f62d16c3637cb80_burnrecap.png]
[www.leiwalakom.com/series-videos/what-is-resilience.html]
[cdn.prod.website-files.com/61c97fdcbabf7b4bf2d74f03/65149f4aed963b5d089b1a42_ad2bkZqn5y4-HD.jpg]
[www.leiwalakom.com/series-videos/the-importance-of-resilience.html]
[cdn.prod.website-files.com/61c97fdcbabf7b4bf2d74f03/65149f9079bd446dc7980c33_2zzqkI9xP6s-HD.jpg]
[www.leiwalakom.com/series-videos/simple-steps-to-build-your-resilience.html]
[cdn.prod.website-files.com/61c97fdcbabf7b4bf2d74f03/65149fcd58b2be232374761c_yQz9qbK00io-HD.jpg]
[www.leiwalakom.com/series-videos/how-to-be-more-resilient.html]
[cdn.prod.website-files.com/61c97fdcbabf7b4bf2d74f03/6514a19a937228bfac587432_Sp_pwJONfF4-HD.jpg]
[cdn.prod.website-files.com/61c97fdcbabf7b4bf2d74f03/6514a3c50f62d16c363ce8b3_9fNZVYuQKLY-HD.jpg]
[www.leiwalakom.com/series-videos/mentorship-with-besma-alqassar.html]
[cdn.prod.website-files.com/61c97fdcbabf7b4bf2d74f03/6516f3d62fc2896acb2bf583_Ai2uprG5cD4-HD.jpg]
[www.leiwalakom.com/series-videos/shaikha-al-shaheen-your-job-then-your-hobby.html]
[cdn.prod.website-files.com/61c97fdcbabf7b4bf2d74f03/6516f43a006249e9c87241e6_caFAYIoQ8CQ-HD.jpg]
[cdn.prod.website-files.com/61c97fdcbabf7b4bf2d74f03/6516f4829c8f7d13f7939035_RMa5sLhArHo-HD.jpg]
[cdn.prod.website-files.com/61c97fdcbabf7b4bf2d74f03/6516f505f27e68c575bf8089_3rL9HXWLkpg-SD.jpg]
[www.leiwalakom.com/series-videos/dr-maryam-shehab-work-skills-and-experience.html]
[cdn.prod.website-files.com/61c97fdcbabf7b4bf2d74f03/6516f55004d4eb9b01439d06_i9r-5iq3bhQ-HD.jpg]
[cdn.prod.website-files.com/61c97fdcbabf7b4bf2d74f03/6516f5e109d448c57a5dab64_5xr_C7vwfrc-HD.jpg]
[cdn.prod.website-files.com/61c97fdcbabf7b4bf2d74f03/6516f64f299db223e48c0b54_0RrFhQRGiRQ-HQ.jpg]
[www.leiwalakom.com/series-videos/asma-al-misfer-follow-your-passion.html]
[cdn.prod.website-files.com/61c97fdcbabf7b4bf2d74f03/6516f69bbefc461bdca71b2e_gvO3hehgkKo-HD.jpg]
[www.leiwalakom.com/series-videos/ayat-al-sairafi-innovative-solutions.html]
[cdn.prod.website-files.com/61c97fdcbabf7b4bf2d74f03/6516f6fcda03a61a279c12af_bQ1tiBFvAiE-HD.jpg]
[www.leiwalakom.com/series-videos/suhair-al-mufeedi.html]
[cdn.prod.website-files.com/61c97fdcbabf7b4bf2d74f03/6516f7526d7373fec98eff47_lJpRqtieJUI-HD.jpg]
[www.leiwalakom.com/series-videos/patricia-al-shamlan.html]
[cdn.prod.website-files.com/61c97fdcbabf7b4bf2d74f03/6516f7bc0aa77ff3f1ce1223_UUW5kuaJ8GE-SD.jpg]
[www.leiwalakom.com/series-videos/women-in-sport.html]
[cdn.prod.website-files.com/61c97fdcbabf7b4bf2d74f03/6516fb5b299db223e4916d46_NskcOr-s1no-HD.jpg]
[cdn.prod.website-files.com/61c97fdcbabf7b4bf2d74f03/6516fc18b7ecf166f851c77b_Referee.jpg]
[cdn.prod.website-files.com/61c97fdcbabf7b4bf2d74f03/6516fc759c8f7d13f79bfd74_rower.jpg]
[www.leiwalakom.com/series-videos/boxer-noura-al-mutairi.html]
[cdn.prod.website-files.com/61c97fdcbabf7b4bf2d74f03/6516fcc8816c75e093029588_boxer.jpg]
[www.leiwalakom.com/series-videos/weightlifter-abrar-al-fahad.html]
[cdn.prod.website-files.com/61c97fdcbabf7b4bf2d74f03/6516fe20f06d7283195f479d_wlifter.jpg]
[cdn.prod.website-files.com/61c97fdcbabf7b4bf2d74f03/6516fe8cbefc461bdcaf311d_tennis.jpg]
[www.leiwalakom.com/series-videos/figure-skater-sara-al-laho.html]
[cdn.prod.website-files.com/61c97fdcbabf7b4bf2d74f03/6516fed4163d8835d8cc572e_skate.jpg]
[www.leiwalakom.com/series-videos/runner-taiba-al-nouri.html]
[cdn.prod.website-files.com/61c97fdcbabf7b4bf2d74f03/6516ff306193f282af77c993_run.jpg]
[www.leiwalakom.com/series-videos/women-wealth.html]
[cdn.prod.website-files.com/61c97fdcbabf7b4bf2d74f03/6516ffd72560faeacd3a5b6a_womanandwealth.jpg]
[www.leiwalakom.com/series-videos/what-is-financial-literacy.html]
[cdn.prod.website-files.com/61c97fdcbabf7b4bf2d74f03/6517005fb7ecf166f856e8e5_finaciallit.jpg]
[cdn.prod.website-files.com/61c97fdcbabf7b4bf2d74f03/6517010d6c1e2f822686368e_stepsfinalcial.jpg]
[www.leiwalakom.com/series-videos/saving-for-financial-freedom.html]
[cdn.prod.website-files.com/61c97fdcbabf7b4bf2d74f03/651701c62580f0f73f01c6fe_savingsfinacial.jpg]
[www.leiwalakom.com/series-videos/investing-for-financial-freedom.html]
[cdn.prod.website-files.com/61c97fdcbabf7b4bf2d74f03/6517021db85b3cfac54de8e3_investingfinacial.jpg]
[www.leiwalakom.com/series-videos/smart-investing.html]
[cdn.prod.website-files.com/61c97fdcbabf7b4bf2d74f03/6517026a0c9c042410680b04_smartinvesting.jpg]
[www.leiwalakom.com/series-videos/self-perception-webinar.html]
[cdn.prod.website-files.com/61c97fdcbabf7b4bf2d74f03/65176344c157b8b1f0e33e58_self-perception.jpg]
[www.leiwalakom.com/series-videos/self-expression-webinar.html]
[cdn.prod.website-files.com/61c97fdcbabf7b4bf2d74f03/651764032a40afc91a6ebc2c_self-expression.jpg]
[cdn.prod.website-files.com/61c97fdcbabf7b4bf2d74f03/6517651d46135bc56a209cdb_confidence.jpg]
[cdn.prod.website-files.com/61c97fdcbabf7b4bf2d74f03/651765d84cf3869a523ce684_stress.jpg]
[www.leiwalakom.com/series-videos/decision-making-webinar.html]
[cdn.prod.website-files.com/61c97fdcbabf7b4bf2d74f03/651766cc6aa70e052c9ff5d2_decision.jpg]
[www.leiwalakom.com/series-videos/behind-frenemy-lines-with-dr-amber-tichenor-webinar.html]
[cdn.prod.website-files.com/61c97fdcbabf7b4bf2d74f03/651785b3b4022cb4571127e0_frenemy.jpg]
[www.leiwalakom.com/series.html]
[cdn.prod.website-files.com/61c85ce6b8161ffd30681aa9/js/webflow.94a6c0ae.b87186166ac4bcbc.js]
[www.leiwalakom.com/videos/abla-al-essa.html]
[cdn.prod.website-files.com/61c97fdcbabf7b4bf2d74f03/638dc530f66bcf499515683b_Ep 09 - Abla + Taiba (1).jpg]
[cdn.prod.website-files.com/61c97fdcbabf7b4bf2d74f03/638f21d9dc880e3d7fd61e9e_Zahra Taqi Episode #_ 8.jpg]
[www.leiwalakom.com/videos/dr-asma-al-rashid.html]
[cdn.prod.website-files.com/61c97fdcbabf7b4bf2d74f03/638f21341993bd36d39dec24_Dr. Asma Al-Rashid Episode #_ 7.jpg]
[www.leiwalakom.com/videos/ejla-salih.html]
[cdn.prod.website-files.com/61c97fdcbabf7b4bf2d74f03/638f2018a3de912f8ac3fc34_Ejla Salih Episode #_ 6.jpg]
[www.leiwalakom.com/videos/safa-al-failakawi.html]
[cdn.prod.website-files.com/61c97fdcbabf7b4bf2d74f03/638f6733b547eb857275fa74_Safa Al-Failakawi Episode #_ 5.jpg]
[cdn.prod.website-files.com/61c97fdcbabf7b4bf2d74f03/638dfa9ad3dcc5ce309d8240_May Al-Sa'ad Episode #_ 4.jpg]
[cdn.prod.website-files.com/61c97fdcbabf7b4bf2d74f03/638f20b7f386b770f0ee8431_Cristiana Turchetti Baldocci Episode #_ 3.jpg]
[www.leiwalakom.com/videos/noura-al-humaidi.html]
[cdn.prod.website-files.com/61c97fdcbabf7b4bf2d74f03/638f2c9e823d9a5793757d2a_Noura Al-Humaidi Episode #_ 2.jpg]
[cdn.prod.website-files.com/61c97fdcbabf7b4bf2d74f03/638f666e12276281b7c419d6_Maha Al-Ghunaim Episode #_ 1.jpg]
[www.leiwalakom.com/seasons/season-one.html]
[www.leiwalakom.com/seasons.html]
[www.leiwalakom.com/videos/noura-al-turki.html]
[cdn.prod.website-files.com/61c97fdcbabf7b4bf2d74f03/638f22d66fb4b3557c86afc2_Noura Al-Turki Episode #_ 11.jpg]
[cdn.prod.website-files.com/61c97fdcbabf7b4bf2d74f03/638dd0ec377c686ea12abcf1_Ep 10 - Fouz.jpg]
[cdn.prod.website-files.com/61c97fdcbabf7b4bf2d74f03/638f2256823d9a2d31750252_Shaima Salmeen Episode #_ 9.jpg]
[www.leiwalakom.com/videos/dr-mariam-al-awadh.html]
[cdn.prod.website-files.com/61c97fdcbabf7b4bf2d74f03/638dee9097a47d95e63d69e9_Ep 08 - Mariam.jpg]
[www.leiwalakom.com/videos/bibi-hayat-2.html]
[cdn.prod.website-files.com/61c97fdcbabf7b4bf2d74f03/638dcf6a365b13347da6611c_Ep 07 - Bibi (1).jpg]
[www.leiwalakom.com/videos/areej-al-kharafi.html]
[cdn.prod.website-files.com/61c97fdcbabf7b4bf2d74f03/638dca014f9b6dc608f473ec_Ep 06 - Areej.jpg]
[www.leiwalakom.com/videos/seham-al-husseini.html]
[cdn.prod.website-files.com/61c97fdcbabf7b4bf2d74f03/638dc993ee1edf3af45157fd_Ep 05 - Seham.jpg]
[www.leiwalakom.com/videos/sebaa-orabi-2.html]
[cdn.prod.website-files.com/61c97fdcbabf7b4bf2d74f03/638dc90dce20b7f974d9ed4d_Ep 04 - Sebaa (1).jpg]
[www.leiwalakom.com/videos/faten-al-naqeeb.html]
[cdn.prod.website-files.com/61c97fdcbabf7b4bf2d74f03/638dc8887a9f62b433f72317_ep 03 - Faten.jpg]
[cdn.prod.website-files.com/61c97fdcbabf7b4bf2d74f03/638dc6dff5ce02b529fd5bc0_Ep 02 - Selma.jpg]
[cdn.prod.website-files.com/61c97fdcbabf7b4bf2d74f03/638dc6412b3c8ed611de3415_Ep 01 - Farah.jpg]
[www.leiwalakom.com/seasons/season-two.html]
[www.leiwalakom.com/videos/dena-alnashie-dyn-lnsh.html]
[cdn.prod.website-files.com/61c97fdcbabf7b4bf2d74f03/638f272c3df7987b7ed91652_Dena Alnashie Episode #_ 10.jpg]
[cdn.prod.website-files.com/61c97fdcbabf7b4bf2d74f03/638f26b954a65b58894fb89d_Lujain Abulfaraj Episode #_ 9.jpg]
[www.leiwalakom.com/videos/dr-fatemah-almosawi-d-ftmh-lmwswy.html]
[cdn.prod.website-files.com/61c97fdcbabf7b4bf2d74f03/638f2642fd8379ef957c6e27_Dr. Fatemah Almosawi Episode #_ 8.jpg]
[www.leiwalakom.com/videos/reem-al-zadjali-rym-lzdjly.html]
[cdn.prod.website-files.com/61c97fdcbabf7b4bf2d74f03/638f25e6c1c3badf3edddbd2_Reem Al-Zadjali Episode #_ 7.jpg]
[cdn.prod.website-files.com/61c97fdcbabf7b4bf2d74f03/638f2567329ae9515e47fbf3_Mai Al-Owaish Episode #_ 6.jpg]
[www.leiwalakom.com/videos/dr-mariam-bin-laden-d-mrym-bn-ldn.html]
[cdn.prod.website-files.com/61c97fdcbabf7b4bf2d74f03/638f24d6eb1a4d5e2ad6e1a6_Dr. Mariam Bin Laden Episode #_ 5.jpg]
[cdn.prod.website-files.com/61c97fdcbabf7b4bf2d74f03/638f245e612ada8e6c780b1b_Kefah Al-Ghimlas Episode #_ 4.jpg]
[www.leiwalakom.com/videos/dr-amal-al-malki-d-ml-lmlky.html]
[cdn.prod.website-files.com/61c97fdcbabf7b4bf2d74f03/638f23dd81a8e64cc9a2f495_Dr. Amal Al-Malki Episode #_ 3.jpg]
[www.leiwalakom.com/videos/maha-al-barjas-mh-lbrjs.html]
[cdn.prod.website-files.com/61c97fdcbabf7b4bf2d74f03/638dd24397a47d79ec3bd18f_Ep 02 - Maha.jpg]
[www.leiwalakom.com/videos/dr-eng-suaad-al-shamsi-.html]
[cdn.prod.website-files.com/61c97fdcbabf7b4bf2d74f03/638f235c6afc7686271c3655_Dr. Eng. Suaad Al-Shamsi Episode #_ 1.jpg]
[www.leiwalakom.com/seasons/season-three.html]
[cdn.prod.website-files.com/61c97fdcbabf7b4bf2d74f03/675935d93a9040f47f770426_IMG_5670 (Large).png]
[cdn.prod.website-files.com/61c97fdcbabf7b4bf2d74f03/675935a89cefec9651f1394f_IMG_5667 (Large).png]
[www.leiwalakom.com/videos/hanan-boodai.html]
[cdn.prod.website-files.com/61c97fdcbabf7b4bf2d74f03/67348e03bfaa76e5749f28e5_C10I9067 (Large).jpg]
[cdn.prod.website-files.com/61c97fdcbabf7b4bf2d74f03/672afe87533ee573b56a9354_C10I8625 (Large).jpg]
[www.leiwalakom.com/videos/diyaa-alothman.html]
[cdn.prod.website-files.com/61c97fdcbabf7b4bf2d74f03/672afe29871881309dea233e_C10I8885 (Large).jpg]
[www.leiwalakom.com/videos/rehab-altawari.html]
[cdn.prod.website-files.com/61c97fdcbabf7b4bf2d74f03/672afdda5d756f3fc3219788_C10I9181 (Large).jpg]
[www.leiwalakom.com/videos/eman-al-awadhi.html]
[cdn.prod.website-files.com/61c97fdcbabf7b4bf2d74f03/6704d5affb5c0e3d09a9a843_C10I8490 (Large).jpg]
[www.leiwalakom.com/videos/bushra-al-wazzan.html]
[cdn.prod.website-files.com/61c97fdcbabf7b4bf2d74f03/6704d555357561adcfbc9edc_C10I8937 (Large).jpg]
[cdn.prod.website-files.com/61c97fdcbabf7b4bf2d74f03/66f11f3fbf1b2f1a9bba91dd_C10I8543 (Large).jpg]
[www.leiwalakom.com/videos/rasha-al-qenai.html]
[cdn.prod.website-files.com/61c97fdcbabf7b4bf2d74f03/66e8293b47c7f72f94061664_C10I8841 (Large).jpg]
[www.leiwalakom.com/videos/shihana-al-mutairi.html]
[cdn.prod.website-files.com/61c97fdcbabf7b4bf2d74f03/66f11d914e47eccdd5a73386_C10I8688 (Large).jpg]
[www.leiwalakom.com/videos/alanoud-alsabah.html]
[cdn.prod.website-files.com/61c97fdcbabf7b4bf2d74f03/66d9615317317308498f5ecd_img13.jpg]
[www.leiwalakom.com/videos/shamayel-al-marzouq.html]
[www.leiwalakom.com/videos/zainah-al-babtain.html]
[cdn.prod.website-files.com/61c97fdcbabf7b4bf2d74f03/66c4932113d955ff61e2ec7d_img8.jpg]
[www.leiwalakom.com/seasons/season-4.html]
[www.leiwalakom.com/post/taiba-al-humaidhi-named-among-aacsbs-2025-influential-leaders.html]
[cdn.prod.website-files.com/61c97fdcbabf7b4bf2d74f03/6810b3edccd8dec0ccc76bc3_image (17).png]
[www.leiwalakom.com/post/lei-wa-lakom-holds-second-financial-literacy-workshop-at-kuwait-university.html]
[cdn.prod.website-files.com/61c97fdcbabf7b4bf2d74f03/680881c9a24fdd87d39ed30a_Screenshot_25.png]
[cdn.prod.website-files.com/61c97fdcbabf7b4bf2d74f03/67bc350cbbae5a93ef294917_66d434ca-e0e6-40de-8041-39ed4d05bd7f.jpg]
[cdn.prod.website-files.com/61c97fdcbabf7b4bf2d74f03/67addda222f0ecb93ee173ef_AA5I0151-min.jpg]
[cdn.prod.website-files.com/61c97fdcbabf7b4bf2d74f03/67346cf5c1833aee404f6cf0_DSC_7546_50.jpg]
[www.leiwalakom.com/post/auk-and-playbook-partner-to-provide-women-with-global-opportunities.html]
[cdn.prod.website-files.com/61c97fdcbabf7b4bf2d74f03/670e158da42b6d383f941ed1_WhatsApp Image 2024-10-15 at 10.10.06 AM.jpg]
[www.leiwalakom.com/post/women-and-prosperity-shaping-the-future-of-the-financial-sector.html]
[cdn.prod.website-files.com/61c97fdcbabf7b4bf2d74f03/66f506fa032cc8495afd2048_DSC_  (440).jpg]
[cdn.prod.website-files.com/61c97fdcbabf7b4bf2d74f03/66f007662ec98f887f14e2d7_SON02694 (1) (1)-min (1).jpg]
[www.leiwalakom.com/post/the-impact-of-workplace-stress-on-emotional-perception.html]
[cdn.prod.website-files.com/61c97fdcbabf7b4bf2d74f03/66af34e5716ef72443fce973_aug1-4.jpg]
[www.leiwalakom.com/post/navigating-stress-at-work-how-female-emotions-are-affected.html]
[cdn.prod.website-files.com/61c97fdcbabf7b4bf2d74f03/669ce05d04d2d32382310204_july 21.jpg]
[www.leiwalakom.com/post/navigating-emotions-the-crucial-skill-for-working-women-in-kuwait.html]
[cdn.prod.website-files.com/61c97fdcbabf7b4bf2d74f03/668fd049bb136d15b60866f8_emotional regulation - 2.jpg]
[www.leiwalakom.com/post/how-managing-others-emotions-shapes-your-work-life.html]
[cdn.prod.website-files.com/61c97fdcbabf7b4bf2d74f03/66865f0855b62ec438c9471c_EMOTIONS.jpg]
[www.leiwalakom.com/post/wellness-diwaniya-mental-health-and-education.html]
[cdn.prod.website-files.com/61c97fdcbabf7b4bf2d74f03/667d091e98723d482186e113_DSC00573.jpg]
[cdn.prod.website-files.com/61c97fdcbabf7b4bf2d74f03/666075d745bf0d52a87ce13a_cover final.jpg]
[www.leiwalakom.com/post/wellness-diwaniya-mental-health-and-work.html]
[cdn.prod.website-files.com/61c97fdcbabf7b4bf2d74f03/665d89c7dfc60c9fe556f413_DSC00518-min.jpg]
[www.leiwalakom.com/post/wellness-diwania-mental-health-and-finance.html]
[cdn.prod.website-files.com/61c97fdcbabf7b4bf2d74f03/6641d1ef339c10157827780a_33333333333333333333.jpg]
[www.leiwalakom.com/post/empowering-women-in-leadership-lei-wa-lakom-s-new-collaboration-with-playbook.html]
[cdn.prod.website-files.com/61c97fdcbabf7b4bf2d74f03/661eccb8f9e5b98436a95b7d_1.jpg]
[www.leiwalakom.com/post/empowering-kuwaiti-women-a-pivotal-step-towards-economic-growth.html]
[cdn.prod.website-files.com/61c97fdcbabf7b4bf2d74f03/6605b3b44f6b23ad2900f46b_leiwa.png]
[cdn.prod.website-files.com/61c97fdcbabf7b4bf2d74f03/65def4659e91d932466158a8_DSC00001-1024x576 copy 2.jpg]
[www.leiwalakom.com/post/the-crucial-role-of-financial-literacy-for-women-2.html]
[cdn.prod.website-files.com/61c97fdcbabf7b4bf2d74f03/6589396e7efa8f55635daebe_1.jpg]
[www.leiwalakom.com/post/micro-financing-dreams.html]
[cdn.prod.website-files.com/61c97fdcbabf7b4bf2d74f03/65452a5f41dd072b5cbcaffc_confirmed.jpg]
[www.leiwalakom.com/post/lwl-x-unhcr-announcement-lei-wa-lakom.html]
[cdn.prod.website-files.com/61c97fdcbabf7b4bf2d74f03/6511c69c817a41fcb97f0c49_1-lwl-x-unhcr-announcement-lei-wa-lakom.jpg]
[www.leiwalakom.com/post/holistic-accounting.html]
[cdn.prod.website-files.com/61c97fdcbabf7b4bf2d74f03/6511c68b39f360173dc49b2b_2-holistic-accounting.jpg]
[cdn.prod.website-files.com/61c97fdcbabf7b4bf2d74f03/6511c6757bb598d9aacd4680_3-has-the-local-journalism-scene-become-an-obstacle-to-womens-empowerment-in-kuwait.jpg]
[www.leiwalakom.com/post/workplace-boundaries-you-need-them.html]
[cdn.prod.website-files.com/61c97fdcbabf7b4bf2d74f03/6511c663e86306ef491485af_4-workplace-boundaries-you-need-them.jpg]
[www.leiwalakom.com/post/its-been-a-year.html]
[cdn.prod.website-files.com/61c97fdcbabf7b4bf2d74f03/6511c642161c3f0913b2513a_5-its-been-a-year.jpg]
[www.leiwalakom.com/post/recognizing-workplace-burnout-in-the-female-workplace-prevention-and-management.html]
[cdn.prod.website-files.com/61c97fdcbabf7b4bf2d74f03/6511c62769b838c0e5491d1f_6-recognizing-workplace-burnout-in-the-female-workplace-prevention-and-management.jpg]
[cdn.prod.website-files.com/61c97fdcbabf7b4bf2d74f03/6511c613366b3d2d827667f4_7-abla-al-essa.jpg]
[www.leiwalakom.com/post/zahra-taqi.html]
[cdn.prod.website-files.com/61c97fdcbabf7b4bf2d74f03/6511c5fbade6940c2dd325a8_8-zahra-taqi.jpg]
[www.leiwalakom.com/post/dr-asma-al-rashid.html]
[cdn.prod.website-files.com/61c97fdcbabf7b4bf2d74f03/6511c5e4f32f768ae57da12e_9-dr-asma-al-rashid.jpg]
[cdn.prod.website-files.com/61c97fdcbabf7b4bf2d74f03/6511c5d23952532798b2d5bf_10-ejla-salih.jpg]
[www.leiwalakom.com/post/safa-al-failakawi.html]
[cdn.prod.website-files.com/61c97fdcbabf7b4bf2d74f03/61ed5ece6e7fdb38eddcb1a0_DSCF0845.jpg]
[cdn.prod.website-files.com/61c97fdcbabf7b4bf2d74f03/6511c5a0284d4abc32afe86c_12-may-alsaad.jpg]
[www.leiwalakom.com/post/who-is-our-founder-taiba.html]
[cdn.prod.website-files.com/61c97fdcbabf7b4bf2d74f03/6511c58a31e67ca6171c41fe_13-who-is-our-founder-taiba.png]
[www.leiwalakom.com/post/who-are-we.html]
[cdn.prod.website-files.com/61c97fdcbabf7b4bf2d74f03/6511c5783952532798b26cc8_14-who-are-we.png]
[cdn.prod.website-files.com/61c97fdcbabf7b4bf2d74f03/6511c56a06815f0f63eab831_15-season-one.jpg]
[www.leiwalakom.com/post/maha-alghunaim.html]
[cdn.prod.website-files.com/61c97fdcbabf7b4bf2d74f03/6511c55caf98bb1e2dde5440_16-maha-alghunaim.jpg]
[www.leiwalakom.com/post/noura-alhumaidi.html]
[cdn.prod.website-files.com/61c97fdcbabf7b4bf2d74f03/6511c550f9162c65cf8af9a0_17-noura-alhumaidi.jpg]
[www.leiwalakom.com/post/cristiana-turchetti-baldocci.html]
[cdn.prod.website-files.com/61c97fdcbabf7b4bf2d74f03/6511c53f7bb598d9aacc1ce0_18-cristiana-turchetti-baldocci.jpg]
[www.leiwalakom.com/news.html]
[www.leiwalakom.com/events/kweep.html]
[cdn.prod.website-files.com/61c97fdcbabf7b4bf2d74f03/66218e070cc312407cdbc5cc_2.jpg]
[www.leiwalakom.com/events/kib.html]
[cdn.prod.website-files.com/61c97fdcbabf7b4bf2d74f03/66218d5033060e8370a90061_WhatsApp Image 2024-03-09 at 6.40.43 PM (1).jpg]
[www.leiwalakom.com/events/playbook.html]
[cdn.prod.website-files.com/61c97fdcbabf7b4bf2d74f03/66218d1569c252e1ce168f17_DSC_8111 copy.jpg]
[www.leiwalakom.com/events/auk.html]
[cdn.prod.website-files.com/61c97fdcbabf7b4bf2d74f03/66218c4254bd592c59dd472f_SAM_0906 copy.jpg]
[www.leiwalakom.com/events/aiu.html]
[cdn.prod.website-files.com/61c97fdcbabf7b4bf2d74f03/66218bafdabf7edf3c4302ef_IMG_7504.jpg]
[www.leiwalakom.com/events.html]
[www.leiwalakom.com/submission-blogs/do-et-et-dolor.html]
[cdn.prod.website-files.com/61c97fdcbabf7b4bf2d74f03/6698a79053149dd18ed266fa_image10.jpg]
[cdn.prod.website-files.com/61c97fdcbabf7b4bf2d74f03/6698b090531ce377756e2b51_Avatar Image-7.png]
[www.leiwalakom.com/submission-blogs/ut-sit.html]
[cdn.prod.website-files.com/61c97fdcbabf7b4bf2d74f03/6698a79053149dd18ed26702_image18.jpg]
[cdn.prod.website-files.com/61c97fdcbabf7b4bf2d74f03/6698b07f415bdb94beebedb7_Avatar Image-3.png]
[www.leiwalakom.com/submission-blogs/elit.html]
[cdn.prod.website-files.com/61c97fdcbabf7b4bf2d74f03/6698a79053149dd18ed266d8_image20.jpg]
[cdn.prod.website-files.com/61c97fdcbabf7b4bf2d74f03/6698b0c24f43384d354d0a65_Avatar Image-10.png]
[cdn.prod.website-files.com/61c97fdcbabf7b4bf2d74f03/6698a79053149dd18ed266f1_image17.jpg]
[cdn.prod.website-files.com/61c97fdcbabf7b4bf2d74f03/6698b0b250d4d1a5cd508e1a_Avatar Image-11.png]
[www.leiwalakom.com/submission-blogs/dolore-dolor-lorem-amet.html]
[cdn.prod.website-files.com/61c97fdcbabf7b4bf2d74f03/6698a79053149dd18ed266e8_image14.jpg]
[cdn.prod.website-files.com/61c97fdcbabf7b4bf2d74f03/6698b09f195ef2894cf1deea_Avatar Image-8.png]
[www.leiwalakom.com/submission-blogs/aliqua-ipsum-elit-et.html]
[cdn.prod.website-files.com/61c97fdcbabf7b4bf2d74f03/6698a79053149dd18ed266d2_image19.jpg]
[cdn.prod.website-files.com/61c97fdcbabf7b4bf2d74f03/6698b0e2f3868502d226c388_Avatar Image-9.png]
[www.leiwalakom.com/submission-blogs/do-eiusmod-eiusmod.html]
[cdn.prod.website-files.com/663c623f52f3e2ab460be4a5/6698a2d653149dd18ecf0547_image17.jpg]
[cdn.prod.website-files.com/61c97fdcbabf7b4bf2d74f03/6698b0d496115a558b1f7d5e_Avatar Image-2.png]
[www.leiwalakom.com/publishers-blogs.html]
[www.leiwalakom.com/contact.html]
[cdn.prod.website-files.com/61c85ce6b8161ffd30681aa9/67d17f3f2b108ad50ff16bf6_sidra logo.png]
[cdn.prod.website-files.com/61c85ce6b8161ffd30681aa9/67ac85dfce23cbf12872b2cd_1.png]
[cdn.prod.website-files.com/61c85ce6b8161ffd30681aa9/67ac85dfce23cbf12872b2af_2.png]
[cdn.prod.website-files.com/61c85ce6b8161ffd30681aa9/67ac85dfce23cbf12872b2df_Bottom.png]
[cdn.prod.website-files.com/61c85ce6b8161ffd30681aa9/67ac85dfce23cbf12872b2ef_Top.png]
[cdn.prod.website-files.com/61c85ce6b8161ffd30681aa9/67ac85dfce23cbf12872b2c2_3.png]
[cdn.prod.website-files.com/61c85ce6b8161ffd30681aa9/67ac85dfce23cbf12872b2be_4.png]
[cdn.prod.website-files.com/61c85ce6b8161ffd30681aa9/67ac85dfce23cbf12872b2b6_5.png]
[cdn.prod.website-files.com/61c85ce6b8161ffd30681aa9/67ac85dfce23cbf12872b2ba_6.png]
[www.leiwalakom.com/sidra.html]
[www.leiwalakom.com/post/how-lei-wa-lakom-came-to-life-founder-taiba-alhumaidhi-shares-her-journey-in-khaleejesque-interview.html]
[www.leiwalakom.com/post/cinet-and-lei-wa-lakom-partner-to-promote-financial-literacy-in-the-community.html]
[cdn.prod.website-files.com/61c97fdcbabf7b4bf2d74f03/68204d1d3dc65fa89a4c763a_WhatsApp Image 2025-05-11 at 8.31.13 AM.jpg]
[cdn.prod.website-files.com/61c97fdcbabf7b4bf2d74f03/68204f5d0a46bb29bba9c3a3_WhatsApp Image 2025-05-11 at 8.31.13 AM (1).jpg]
[cdn.prod.website-files.com/61c97fdcbabf7b4bf2d74f03/682050bc88d6d1e46ef50a3b_WhatsApp Image 2025-05-11 at 8.31.13 AM (2).jpg]
[cdn.prod.website-files.com/61c97fdcbabf7b4bf2d74f03/6820515636bb659c52fb1211_WhatsApp Image 2025-05-11 at 8.31.13 AM (4).jpg]
[cdn.prod.website-files.com/61c97fdcbabf7b4bf2d74f03/6820532c36bb659c52fbef8b_WhatsApp Image 2025-05-11 at 8.31.13 AM (3).jpg]
[www.leiwalakom.com/post/buy-now-pay-later-financial-lifeline-or-debt-trap-for-kuwaits-youth.html]
[cdn.prod.website-files.com/61c97fdcbabf7b4bf2d74f03/6698a79053149dd18ed266db_image15.jpg]
[www.leiwalakom.com/submission-blogs/do.html]
[cdn.prod.website-files.com/61c97fdcbabf7b4bf2d74f03/66b49840d637df796a00bbd4_C10I2075.jpg]
[www.leiwalakom.com/submission-blogs/the-mechanisms-of-a-woman.html]
[www.leiwalakom.com/from-you-to-all.html]
[www.leiwalakom.com/old-home.html]
[cdn.jsdelivr.net/gh/videsigns/webflow-tools@latest/multi-step.js]
[www.leiwalakom.com/schema.org/index.html]
[www.leiwalakom.com/series/we-continue-to-grow.html]
[www.leiwalakom.com/series-videos/we-continue-to-grow.html]
[www.leiwalakom.com/series-videos/what-is-confidence.html]
[www.leiwalakom.com/series-videos/how-do-you-foster-confidence.html]
[www.leiwalakom.com/series-videos/confidence-recap.html]
[www.leiwalakom.com/series-videos/what-is-burnout.html]
[www.leiwalakom.com/series-videos/burnout-recap.html]
[www.leiwalakom.com/series-videos/what-is-resilience.html]
[www.leiwalakom.com/series-videos/the-importance-of-resilience.html]
[www.leiwalakom.com/series-videos/simple-steps-to-build-your-resilience.html]
[www.leiwalakom.com/series-videos/how-to-be-more-resilient.html]
[www.leiwalakom.com/series-videos/mentorship-with-besma-alqassar.html]
[cdn.prod.website-files.com/61c85ce6b8161ffd30681aa9/js/webflow.0db1e0f8.dca9e957c6023958.js]
[www.leiwalakom.com/series-videos/shaikha-al-shaheen-your-job-then-your-hobby.html]
[www.leiwalakom.com/series/wisdom-from-experience.html]
[www.leiwalakom.com/series-videos/dr-maryam-shehab-work-skills-and-experience.html]
[www.leiwalakom.com/series-videos/asma-al-misfer-follow-your-passion.html]
[www.leiwalakom.com/series-videos/ayat-al-sairafi-innovative-solutions.html]
[www.leiwalakom.com/series-videos/suhair-al-mufeedi.html]
[www.leiwalakom.com/series-videos/patricia-al-shamlan.html]
[www.leiwalakom.com/series-videos/women-in-sport.html]
[www.leiwalakom.com/series-videos/boxer-noura-al-mutairi.html]
[www.leiwalakom.com/series-videos/weightlifter-abrar-al-fahad.html]
[www.leiwalakom.com/series/women-in-sport.html]
[www.leiwalakom.com/series-videos/figure-skater-sara-al-laho.html]
[www.leiwalakom.com/series-videos/runner-taiba-al-nouri.html]
[www.leiwalakom.com/series-videos/women-wealth.html]
[www.leiwalakom.com/series-videos/what-is-financial-literacy.html]
[www.leiwalakom.com/series-videos/saving-for-financial-freedom.html]
[www.leiwalakom.com/series-videos/investing-for-financial-freedom.html]
[www.leiwalakom.com/series-videos/smart-investing.html]
[www.leiwalakom.com/series-videos/self-perception-webinar.html]
[www.leiwalakom.com/series-videos/self-expression-webinar.html]
[www.leiwalakom.com/series-videos/decision-making-webinar.html]
[www.leiwalakom.com/series-videos/behind-frenemy-lines-with-dr-amber-tichenor-webinar.html]
[www.leiwalakom.com/videos/abla-al-essa.html]
[cdn.prod.website-files.com/61c97fdcbabf7b4bf2d74f03/638dc530f66bcf499515683b_Ep 09 - Abla + Taiba (1).jpg]
[www.leiwalakom.com/series/webinars.html]
[www.leiwalakom.com/videos/dr-asma-al-rashid.html]
[www.leiwalakom.com/videos/ejla-salih.html]
[www.leiwalakom.com/videos/safa-al-failakawi.html]
[www.leiwalakom.com/videos/noura-al-humaidi.html]
[www.leiwalakom.com/seasons.html]
[www.leiwalakom.com/videos/noura-al-turki.html]
[www.leiwalakom.com/videos/dr-mariam-al-awadh.html]
[www.leiwalakom.com/videos/bibi-hayat-2.html]
[www.leiwalakom.com/videos/areej-al-kharafi.html]
[www.leiwalakom.com/videos/seham-al-husseini.html]
[www.leiwalakom.com/videos/sebaa-orabi-2.html]
[www.leiwalakom.com/videos/faten-al-naqeeb.html]
[www.leiwalakom.com/videos/dena-alnashie-dyn-lnsh.html]
[www.leiwalakom.com/videos/dr-fatemah-almosawi-d-ftmh-lmwswy.html]
[www.leiwalakom.com/videos/reem-al-zadjali-rym-lzdjly.html]
[www.leiwalakom.com/videos/dr-mariam-bin-laden-d-mrym-bn-ldn.html]
[www.leiwalakom.com/videos/dr-amal-al-malki-d-ml-lmlky.html]
[www.leiwalakom.com/videos/maha-al-barjas-mh-lbrjs.html]
[www.leiwalakom.com/videos/dr-eng-suaad-al-shamsi-.html]
[www.leiwalakom.com/videos/hanan-boodai.html]
[www.leiwalakom.com/videos/diyaa-alothman.html]
[www.leiwalakom.com/videos/rehab-altawari.html]
[www.leiwalakom.com/videos/eman-al-awadhi.html]
[www.leiwalakom.com/videos/bushra-al-wazzan.html]
[www.leiwalakom.com/videos/rasha-al-qenai.html]
[www.leiwalakom.com/videos/shihana-al-mutairi.html]
[www.leiwalakom.com/videos/alanoud-alsabah.html]
[www.leiwalakom.com/videos/shamayel-al-marzouq.html]
[www.leiwalakom.com/videos/zainah-al-babtain.html]
[www.leiwalakom.com/post/taiba-al-humaidhi-named-among-aacsbs-2025-influential-leaders.html]
[www.leiwalakom.com/post/lei-wa-lakom-holds-second-financial-literacy-workshop-at-kuwait-university.html]
[player.vimeo.com/api/player.js]
[www.leiwalakom.com/post/auk-and-playbook-partner-to-provide-women-with-global-opportunities.html]
[www.leiwalakom.com/post/women-and-prosperity-shaping-the-future-of-the-financial-sector.html]
[www.leiwalakom.com/post/the-impact-of-workplace-stress-on-emotional-perception.html]
[www.leiwalakom.com/post/navigating-stress-at-work-how-female-emotions-are-affected.html]
[www.leiwalakom.com/post/navigating-emotions-the-crucial-skill-for-working-women-in-kuwait.html]
[www.leiwalakom.com/post/how-managing-others-emotions-shapes-your-work-life.html]
[www.leiwalakom.com/post/wellness-diwaniya-mental-health-and-education.html]
[www.leiwalakom.com/post/wellness-diwaniya-mental-health-and-work.html]
[www.leiwalakom.com/post/wellness-diwania-mental-health-and-finance.html]
[www.leiwalakom.com/post/empowering-women-in-leadership-lei-wa-lakom-s-new-collaboration-with-playbook.html]
[www.leiwalakom.com/post/empowering-kuwaiti-women-a-pivotal-step-towards-economic-growth.html]
[www.leiwalakom.com/post/the-crucial-role-of-financial-literacy-for-women-2.html]
[www.leiwalakom.com/post/micro-financing-dreams.html]
[www.leiwalakom.com/post/lwl-x-unhcr-announcement-lei-wa-lakom.html]
[www.leiwalakom.com/post/holistic-accounting.html]
[www.leiwalakom.com/post/workplace-boundaries-you-need-them.html]
[www.leiwalakom.com/post/its-been-a-year.html]
[www.leiwalakom.com/post/recognizing-workplace-burnout-in-the-female-workplace-prevention-and-management.html]
[www.leiwalakom.com/post/zahra-taqi.html]
[www.leiwalakom.com/post/dr-asma-al-rashid.html]
[www.leiwalakom.com/post/safa-al-failakawi.html]
[www.leiwalakom.com/post/taking-the-first-step-a-beginners-guide-to-navigating-your-career-path.html]
[www.leiwalakom.com/post/who-is-our-founder-taiba.html]
[www.leiwalakom.com/post/who-are-we.html]
[www.leiwalakom.com/post/maha-alghunaim.html]
[www.leiwalakom.com/post/noura-alhumaidi.html]
[www.leiwalakom.com/post/cristiana-turchetti-baldocci.html]
[cdn.prod.website-files.com/61c85ce6b8161ffd30681aa9/661c4aab57f746112d2d0c92_antenna-ZDN-G1xBWHY-unsplash.jpg]
[cdn.prod.website-files.com/61c97fdcbabf7b4bf2d74f03/66218e31ddc7568c16fc7d64_1.jpg]
[cdn.prod.website-files.com/61c97fdcbabf7b4bf2d74f03/66218e3361a11825753e975d_3.jpg]
[www.leiwalakom.com/events/kweep.html]
[cdn.prod.website-files.com/61c97fdcbabf7b4bf2d74f03/66218d5710b2eeedf5e4627d_WhatsApp Image 2024-03-09 at 6.40.42 PM (1).jpg]
[cdn.prod.website-files.com/61c97fdcbabf7b4bf2d74f03/66218d5a411bea013cb89806_WhatsApp Image 2024-03-09 at 6.40.43 PM (2).jpg]
[cdn.prod.website-files.com/61c97fdcbabf7b4bf2d74f03/66218d5da19c9f943e9fd1f2_WhatsApp Image 2024-03-09 at 6.40.43 PM.jpg]
[www.leiwalakom.com/events/kib.html]
[cdn.prod.website-files.com/61c97fdcbabf7b4bf2d74f03/66218d13411bea013cb8653f_DSC_7797 copy.jpg]
[cdn.prod.website-files.com/61c97fdcbabf7b4bf2d74f03/66218d128086ebf35d6638ce_DSC_8286 copy.jpg]
[www.leiwalakom.com/events/playbook.html]
[cdn.prod.website-files.com/61c97fdcbabf7b4bf2d74f03/66218c493d22f3ff042b34ee_SAM_0887 copy.jpg]
[cdn.prod.website-files.com/61c97fdcbabf7b4bf2d74f03/66218c4dc3e7225e62fa649e_SAM_0900 copy.jpg]
[cdn.prod.website-files.com/61c97fdcbabf7b4bf2d74f03/66218c4f3748f7dcf1639872_SAM_0903 copy.jpg]
[www.leiwalakom.com/events/auk.html]
[cdn.prod.website-files.com/61c97fdcbabf7b4bf2d74f03/66218b32096139ad1991ecf1_IMG_7498.jpg]
[cdn.prod.website-files.com/61c97fdcbabf7b4bf2d74f03/66218b3c33744d9182068988_IMG_7605.jpg]
[cdn.prod.website-files.com/61c97fdcbabf7b4bf2d74f03/66218b45b569cb5ab83b0eee_IMG_7527.jpg]
[cdn.prod.website-files.com/61c97fdcbabf7b4bf2d74f03/66218b4b202f19149ff7d8a3_IMG_7597.jpg]
[cdn.prod.website-files.com/61c97fdcbabf7b4bf2d74f03/66218b537dddde983502dce4_IMG_7617.jpg]
[cdn.prod.website-files.com/61c97fdcbabf7b4bf2d74f03/66218b58577d632c1b350b83_IMG_7534.jpg]
[www.leiwalakom.com/events/aiu.html]
[cdn.prod.website-files.com/61c97fdcbabf7b4bf2d74f03/6698a79053149dd18ed266fd_image17.jpg]
[www.leiwalakom.com/submission-blogs/do-et-et-dolor.html]
[www.leiwalakom.com/submission-blogs/ut-sit.html]
[cdn.prod.website-files.com/61c97fdcbabf7b4bf2d74f03/6698a79053149dd18ed266eb_image3.jpg]
[www.leiwalakom.com/submission-blogs/elit.html]
[cdn.prod.website-files.com/61c97fdcbabf7b4bf2d74f03/6698a79053149dd18ed266d5_image20.jpg]
[www.leiwalakom.com/submission-blogs/dolore-dolor-lorem-amet.html]
[cdn.prod.website-files.com/61c97fdcbabf7b4bf2d74f03/6698a79053149dd18ed266e5_image17.jpg]
[www.leiwalakom.com/submission-blogs/aliqua-ipsum-elit-et.html]
[cdn.prod.website-files.com/61c97fdcbabf7b4bf2d74f03/6698a79053149dd18ed266f4_image18.jpg]
[www.leiwalakom.com/submission-blogs/do-eiusmod-eiusmod.html]
[www.leiwalakom.com/series/we-continue-to-grow.html]
[www.leiwalakom.com/series/wisdom-from-experience.html]
[www.leiwalakom.com/series/women-in-sport.html]
[www.leiwalakom.com/series/webinars.html]
[www.leiwalakom.com/post/taking-the-first-step-a-beginners-guide-to-navigating-your-career-path.html]
[www.leiwalakom.com/_https_/cdn.prod.website-files.com/61c85ce6b8161ffd30681aa9/64ff898291276c67317a8d7b_SeasonThree_Cut-poster-00001.html]
[www.leiwalakom.com/submission-blogs/dolore-labore.html]
[www.leiwalakom.com/a.html]
[www.leiwalakom.com/POST.html]
[www.leiwalakom.com/b.html]
[www.leiwalakom.com/d.html]
[www.leiwalakom.com/signals/iwl.html]
[www.leiwalakom.com/c.html]
[www.leiwalakom.com/c-2.html]
[www.leiwalakom.com/series-videos/self-discipline-with-layla-alammar.html]
[www.leiwalakom.com/series-videos/awatef-al-essa-find-your-passion.html]
[www.leiwalakom.com/series-videos/asma-al-nufais-balance-is-key.html]
[www.leiwalakom.com/series-videos/balqees-aziz-a-second-attempt.html]
[www.leiwalakom.com/series-videos/hana-merza-a-teacher-of-many-generation.html]
[www.leiwalakom.com/series-videos/referee-maaley-al-enzi.html]
[www.leiwalakom.com/series-videos/rower-dr-soad-al-faqaan.html]
[www.leiwalakom.com/series-videos/tennis-player-sara-behbehani.html]
[www.leiwalakom.com/series-videos/first-steps-to-financial-literacy.html]
[www.leiwalakom.com/series-videos/confidence-webinar.html]
[www.leiwalakom.com/series-videos/stress-management-webinar.html]
[www.leiwalakom.com/videos/zahra-taqi.html]
[www.leiwalakom.com/videos/may-al-saad.html]
[www.leiwalakom.com/videos/cristiana-turchetti-baldocci.html]
[www.leiwalakom.com/videos/maha-al-ghunaim.html]
[www.leiwalakom.com/videos/fouz-al-sabah.html]
[www.leiwalakom.com/videos/shaima-salmeen-1.html]
[www.leiwalakom.com/videos/salma-al-hajjaj.html]
[www.leiwalakom.com/videos/farah-alhumaidh.html]
[www.leiwalakom.com/videos/lujain-abulfaraj-ljyn-bw-lfrj.html]
[www.leiwalakom.com/videos/mai-al-owaish-my-laawysh.html]
[www.leiwalakom.com/videos/kefah-al-ghimlas-kfh-lgmls.html]
[www.leiwalakom.com/videos/dina-al-waheab.html]
[www.leiwalakom.com/videos/dr-duna-almashaan.html]
[www.leiwalakom.com/videos/dr-abrar-al-hassan.html]
[www.leiwalakom.com/videos/haya-boodai.html]
[www.leiwalakom.com/post/exploring-innovation-at-the-nudgethon-event-during-kafo-2025.html]
[www.leiwalakom.com/post/uae-kuwait-week-strengthening-cultural-and-business-ties.html]
[www.leiwalakom.com/post/where-would-you-invest-100-today-insights-from-moneytech-2024.html]
[www.leiwalakom.com/post/world-cleanup-day-a-community-united-for-a-greener-planet.html]
[www.leiwalakom.com/post/the-impact-of-stress-at-work-on-how-you-feel-understanding-the-connection-for-women-in-kuwait.html]
[www.leiwalakom.com/post/has-the-local-journalism-scene-become-an-obstacle-to-womens-empowerment-in-kuwait.html]
[www.leiwalakom.com/post/abla-al-essa.html]
[www.leiwalakom.com/post/ejla-salih.html]
[www.leiwalakom.com/post/may-alsaad.html]
[www.leiwalakom.com/post/season-one.html]
[www.leiwalakom.com/submission-blogs/do-incididunt-et.html]
[www.leiwalakom.com/news---sidra.html]
[www.leiwalakom.com/schema.html]
[www.leiwalakom.com/series/women-and-wealth.html]
